Part I 

https://github.com/ElenkaSan/EN/tree/master
--------
elenk@Elenka-San MINGW64 /d/Elenka_San/study Sof Eng IT
$ cd branch_time

elenk@Elenka-San MINGW64 /d/Elenka_San/study Sof Eng IT/branch_time (master)
$ ls
app.css  index.html  README.md  script.js

elenk@Elenka-San MINGW64 /d/Elenka_San/study Sof Eng IT/branch_time (master)
$ git init
Reinitialized existing Git repository in D:/Elenka_San/study Sof Eng IT/branch_time/.git/

$ git remote add origin https://github.com/ElenkaSan/EN.git

$ git remote -v
origin  https://github.com/ElenkaSan/EN.git (fetch)
origin  https://github.com/ElenkaSan/EN.git (push)

$ git push -u origin master

$ git status 

$ git add .

$ git commit -m "added backcolor"

$ git push 

elenk@Elenka-San MINGW64 /d/Elenka_San/study Sof Eng IT/branch_time (master)
$ git log --oneline
5f44d0b (HEAD -> master, origin/master) README.html
f5dbdfd added backcolor
6a16480 summary of this commit

elenk@Elenka-San MINGW64 /d/Elenka_San/study Sof Eng IT/branch_time (master)
$ git log --oneline
5f44d0b (HEAD -> master, origin/master) README.html
f5dbdfd added backcolor
6a16480 summary of this commit

elenk@Elenka-San MINGW64 /d/Elenka_San/study Sof Eng IT/branch_time (master)
$ git status
On branch master
Your branch is up to date with 'origin/master'.

Untracked files:
  (use "git add <file>..." to include in what will be committed)
        6.4 GitHub Exercise.txt

nothing added to commit but untracked files present (use "git add" to track)

elenk@Elenka-San MINGW64 /d/Elenka_San/study Sof Eng IT/branch_time (master)
$ git add .

elenk@Elenka-San MINGW64 /d/Elenka_San/study Sof Eng IT/branch_time (master)
$ git status
On branch master
Your branch is up to date with 'origin/master'.

Changes to be committed:
  (use "git restore --staged <file>..." to unstage)
        new file:   6.4 GitHub Exercise.txt

elenk@Elenka-San MINGW64 /d/Elenka_San/study Sof Eng IT/branch_time (master)
$ git commit -m "adding Exercise unit 6.4"
[master ab7784a] adding Exercise unit 6.4
 1 file changed, 41 insertions(+)
 create mode 100644 6.4 GitHub Exercise.txt

elenk@Elenka-San MINGW64 /d/Elenka_San/study Sof Eng IT/branch_time (master)
$ git push
Enumerating objects: 4, done.
Counting objects: 100% (4/4), done.
Delta compression using up to 8 threads
Compressing objects: 100% (3/3), done.
Writing objects: 100% (3/3), 689 bytes | 689.00 KiB/s, done.
Total 3 (delta 1), reused 0 (delta 0), pack-reused 0
remote: Resolving deltas: 100% (1/1), completed with 1 local object.
To https://github.com/ElenkaSan/EN.git
   5f44d0b..ab7784a  master -> master

----------
Part II - memory game on GitHub pages

https://github.com/ElenkaSan/Memory-Game
